1>Fecha definida en forma exitosa.
2>La fecha actual es 10/2/2022.
3>Fin.
