1>Fecha definida en forma exitosa.
2>La fecha actual es 10 de Febrero de 2023.
3>Fin.
