1>Fecha definida en forma exitosa.
2>Anterior a actual.
3>Fechas iguales.
4>Posterior a actual.
5>Fin.
