1>Fecha definida en forma exitosa.
2>Se aumentó un día.
3>La fecha actual es 1/3/2022.
4>La fecha actual es 1 de Marzo de 2022.
5>Fin.
