1>Fecha definida en forma exitosa.
2>Se aumentó un día.
3>La fecha actual es 29/2/2020.
4>La fecha actual es 29 de Febrero de 2020.
5>Fin.
