1>Fecha definida en forma exitosa.
2>Se incrementÃ³ la fecha.
3>La fecha actual es 20/2/2022.
4>La fecha actual es 20 de Febrero de 2022.
5>Fin.
