1>Fecha definida en forma exitosa.
2>Se incrementó la fecha.
3>La fecha actual es 11/4/2022.
4>La fecha actual es 11 de Abril de 2022.
5>Fecha definida en forma exitosa.
6>Se incrementó la fecha.
7>La fecha actual es 10/2/2023.
8>La fecha actual es 10 de Febrero de 2023.
9>Fin.
