1>Fecha definida en forma exitosa.
2>La fecha actual es 10/2/2022.
3>La fecha actual es 10 de Febrero de 2022.
4>Estructuras reiniciadas.
5>La fecha del sistema no se ha definido.
6>La fecha del sistema no se ha definido.
7>La fecha del sistema no se ha definido.
8>La fecha del sistema no se ha definido.
9>Fecha definida en forma exitosa.
10>La fecha actual es 1/2/2020.
11>La fecha actual es 1 de Febrero de 2020.
12>Fin.
